// Jest Snapshot v1, https://goo.gl/fbAQLP

exports[`SearchView Component renders correctly 1`] = `
<div
  className="container"
>
  <div
    className="search-container"
  >
    <div
      className="search-input"
    >
      <div
        className="input-group"
      >
        <input
          aria-label="What are you searching for?"
          className="form-control border-right-0 border search-input-element"
          height="40px"
          onChange={[Function]}
          placeholder="What are you searching for?"
          type="search"
        />
        <span
          className="input-group-append searchicon"
        >
          <div
            className="input-group-text bg-transparent"
          >
            <i
              className="fa fa-search"
            />
          </div>
        </span>
      </div>
    </div>
  </div>
  <div
    className="radio-container"
  >
    <fieldset
      className="MuiFormControl-root css-1nrlq1o-MuiFormControl-root"
    >
      <div
        aria-label="search"
        className="MuiFormGroup-root css-dmmspl-MuiFormGroup-root"
        role="radiogroup"
      >
        <label
          className="MuiFormControlLabel-root MuiFormControlLabel-labelPlacementEnd css-j204z7-MuiFormControlLabel-root"
        >
          <span
            className="MuiRadio-root MuiRadio-colorPrimary MuiButtonBase-root MuiRadio-root MuiRadio-colorPrimary PrivateSwitchBase-root Mui-checked css-vqmohf-MuiButtonBase-root-MuiRadio-root"
            onBlur={[Function]}
            onContextMenu={[Function]}
            onDragLeave={[Function]}
            onFocus={[Function]}
            onKeyDown={[Function]}
            onKeyUp={[Function]}
            onMouseDown={[Function]}
            onMouseLeave={[Function]}
            onMouseUp={[Function]}
            onTouchEnd={[Function]}
            onTouchMove={[Function]}
            onTouchStart={[Function]}
            tabIndex={null}
          >
            <input
              checked={true}
              className="PrivateSwitchBase-input css-1m9pwf3"
              disabled={false}
              name="radio-buttons-group"
              onChange={[Function]}
              type="radio"
              value="author"
            />
            <span
              className="css-hyxlzm"
            >
              <svg
                aria-hidden={true}
                className="MuiSvgIcon-root MuiSvgIcon-fontSizeMedium css-1hbvpl3-MuiSvgIcon-root"
                data-testid="RadioButtonUncheckedIcon"
                focusable="false"
                viewBox="0 0 24 24"
              >
                <path
                  d="M12 2C6.48 2 2 6.48 2 12s4.48 10 10 10 10-4.48 10-10S17.52 2 12 2zm0 18c-4.42 0-8-3.58-8-8s3.58-8 8-8 8 3.58 8 8-3.58 8-8 8z"
                />
              </svg>
              <svg
                aria-hidden={true}
                className="MuiSvgIcon-root MuiSvgIcon-fontSizeMedium css-11zohuh-MuiSvgIcon-root"
                data-testid="RadioButtonCheckedIcon"
                focusable="false"
                viewBox="0 0 24 24"
              >
                <path
                  d="M8.465 8.465C9.37 7.56 10.62 7 12 7C14.76 7 17 9.24 17 12C17 13.38 16.44 14.63 15.535 15.535C14.63 16.44 13.38 17 12 17C9.24 17 7 14.76 7 12C7 10.62 7.56 9.37 8.465 8.465Z"
                />
              </svg>
            </span>
          </span>
          <span
            className="MuiTypography-root MuiTypography-body1 MuiFormControlLabel-label css-ahj2mt-MuiTypography-root"
          >
            Search By Author
          </span>
        </label>
        <label
          className="MuiFormControlLabel-root MuiFormControlLabel-labelPlacementEnd css-j204z7-MuiFormControlLabel-root"
        >
          <span
            className="MuiRadio-root MuiRadio-colorPrimary MuiButtonBase-root MuiRadio-root MuiRadio-colorPrimary PrivateSwitchBase-root css-vqmohf-MuiButtonBase-root-MuiRadio-root"
            onBlur={[Function]}
            onContextMenu={[Function]}
            onDragLeave={[Function]}
            onFocus={[Function]}
            onKeyDown={[Function]}
            onKeyUp={[Function]}
            onMouseDown={[Function]}
            onMouseLeave={[Function]}
            onMouseUp={[Function]}
            onTouchEnd={[Function]}
            onTouchMove={[Function]}
            onTouchStart={[Function]}
            tabIndex={null}
          >
            <input
              checked={false}
              className="PrivateSwitchBase-input css-1m9pwf3"
              disabled={false}
              name="radio-buttons-group"
              onChange={[Function]}
              type="radio"
              value="book"
            />
            <span
              className="css-hyxlzm"
            >
              <svg
                aria-hidden={true}
                className="MuiSvgIcon-root MuiSvgIcon-fontSizeMedium css-1hbvpl3-MuiSvgIcon-root"
                data-testid="RadioButtonUncheckedIcon"
                focusable="false"
                viewBox="0 0 24 24"
              >
                <path
                  d="M12 2C6.48 2 2 6.48 2 12s4.48 10 10 10 10-4.48 10-10S17.52 2 12 2zm0 18c-4.42 0-8-3.58-8-8s3.58-8 8-8 8 3.58 8 8-3.58 8-8 8z"
                />
              </svg>
              <svg
                aria-hidden={true}
                className="MuiSvgIcon-root MuiSvgIcon-fontSizeMedium css-1hhw7if-MuiSvgIcon-root"
                data-testid="RadioButtonCheckedIcon"
                focusable="false"
                viewBox="0 0 24 24"
              >
                <path
                  d="M8.465 8.465C9.37 7.56 10.62 7 12 7C14.76 7 17 9.24 17 12C17 13.38 16.44 14.63 15.535 15.535C14.63 16.44 13.38 17 12 17C9.24 17 7 14.76 7 12C7 10.62 7.56 9.37 8.465 8.465Z"
                />
              </svg>
            </span>
          </span>
          <span
            className="MuiTypography-root MuiTypography-body1 MuiFormControlLabel-label css-ahj2mt-MuiTypography-root"
          >
            Search By Book Name
          </span>
        </label>
        <label
          className="MuiFormControlLabel-root MuiFormControlLabel-labelPlacementEnd css-j204z7-MuiFormControlLabel-root"
        >
          <span
            className="MuiRadio-root MuiRadio-colorPrimary MuiButtonBase-root MuiRadio-root MuiRadio-colorPrimary PrivateSwitchBase-root css-vqmohf-MuiButtonBase-root-MuiRadio-root"
            onBlur={[Function]}
            onContextMenu={[Function]}
            onDragLeave={[Function]}
            onFocus={[Function]}
            onKeyDown={[Function]}
            onKeyUp={[Function]}
            onMouseDown={[Function]}
            onMouseLeave={[Function]}
            onMouseUp={[Function]}
            onTouchEnd={[Function]}
            onTouchMove={[Function]}
            onTouchStart={[Function]}
            tabIndex={null}
          >
            <input
              checked={false}
              className="PrivateSwitchBase-input css-1m9pwf3"
              disabled={false}
              name="radio-buttons-group"
              onChange={[Function]}
              type="radio"
              value="date"
            />
            <span
              className="css-hyxlzm"
            >
              <svg
                aria-hidden={true}
                className="MuiSvgIcon-root MuiSvgIcon-fontSizeMedium css-1hbvpl3-MuiSvgIcon-root"
                data-testid="RadioButtonUncheckedIcon"
                focusable="false"
                viewBox="0 0 24 24"
              >
                <path
                  d="M12 2C6.48 2 2 6.48 2 12s4.48 10 10 10 10-4.48 10-10S17.52 2 12 2zm0 18c-4.42 0-8-3.58-8-8s3.58-8 8-8 8 3.58 8 8-3.58 8-8 8z"
                />
              </svg>
              <svg
                aria-hidden={true}
                className="MuiSvgIcon-root MuiSvgIcon-fontSizeMedium css-1hhw7if-MuiSvgIcon-root"
                data-testid="RadioButtonCheckedIcon"
                focusable="false"
                viewBox="0 0 24 24"
              >
                <path
                  d="M8.465 8.465C9.37 7.56 10.62 7 12 7C14.76 7 17 9.24 17 12C17 13.38 16.44 14.63 15.535 15.535C14.63 16.44 13.38 17 12 17C9.24 17 7 14.76 7 12C7 10.62 7.56 9.37 8.465 8.465Z"
                />
              </svg>
            </span>
          </span>
          <span
            className="MuiTypography-root MuiTypography-body1 MuiFormControlLabel-label css-ahj2mt-MuiTypography-root"
          >
            Search By Date
          </span>
        </label>
      </div>
    </fieldset>
  </div>
  <div
    className="tablecomponent"
  />
</div>
`;
